---
source: crates/agentprof-tui/tests/views.rs
expression: text
---
┌ RoiView (2/3) — Sort: [t]total  c=calls  s=success%  p=p50 ──────────────────────────────────────┐
│#   Tool                               Source     Calls   OK      Fail    Total      p50          │
│1   <orphan>                           builtin    1       0       0       0ms        0ms          │
│                                                                                                  │
│                                                                                                  │
│                                                                                                  │
│                                                                                                  │
│                                                                                                  │
│                                                                                                  │
│                                                                                                  │
│                                                                                                  │
│                                                                                                  │
│                                                                                                  │
│                                                                                                  │
│                                                                                                  │
│                                                                                                  │
│                                                                                                  │
│                                                                                                  │
│                                                                                                  │
│                                                                                                  │
│                                                                                                  │
│                                                                                                  │
└──────────────────────────────────────────────────────────────────────────────────────────────────┘
┌ User-blocking (user think time) ─────────────────────────────────────────────────────────────────┐
│Tool                               Calls   Total                                                  │
│                                                                                                  │
└──────────────────────────────────────────────────────────────────────────────────────────────────┘
┌ Selected: <orphan> ──────────────────────────────────────────────────────────────────────────────┐
│  00000000-0000-0000-0000-000000000901 (0ms○)                                                     │
└──────────────────────────────────────────────────────────────────────────────────────────────────┘
