---
source: crates/agentprof-tui/tests/views.rs
expression: text
---
┌ Aggregate (3/3) — By Mode (single session) ──────────────────────────────────────────────────────┐
│Mode                 Turns    Total dur    Out tokens   Tool calls                                │
│autopilot            1        2.0s         10           0                                         │
│plan                 1        2.0s         12           0                                         │
│                                                                                                  │
│                                                                                                  │
│                                                                                                  │
│                                                                                                  │
│                                                                                                  │
│                                                                                                  │
│                                                                                                  │
│                                                                                                  │
│                                                                                                  │
│                                                                                                  │
└──────────────────────────────────────────────────────────────────────────────────────────────────┘
┌ By Hook ─────────────────────────────────────────────────────────────────────────────────────────┐
│Hook                     Calls   Success  Fail    p50      Total                                  │
│                                                                                                  │
│                                                                                                  │
│                                                                                                  │
│                                                                                                  │
│                                                                                                  │
│                                                                                                  │
│                                                                                                  │
│                                                                                                  │
│                                                                                                  │
│                                                                                                  │
│                                                                                                  │
│                                                                                                  │
└──────────────────────────────────────────────────────────────────────────────────────────────────┘
