---
source: crates/agentprof-tui/tests/views.rs
expression: buffer_to_symbol_grid(&buf)
---
┌ Aggregate watch — by day | 2 sessions | window 7.0d ─────────────────────────────────────────────────────────────────┐
│Keys: c/t/s/p sort  ↑/↓ select  q quit                                                                                │
└──────────────────────────────────────────────────────────────────────────────────────────────────────────────────────┘
┌ Day buckets ─────────────────────────────────────────────────────────────────────────────────────────────────────────┐
│Date         Sess   Wall       Tool       Util%   Low?                                                                │
│2026-05-30   2      3.0m       1.0m       33.3    yes                                                                 │
│                                                                                                                      │
│                                                                                                                      │
│                                                                                                                      │
│                                                                                                                      │
│                                                                                                                      │
│                                                                                                                      │
│                                                                                                                      │
│                                                                                                                      │
│                                                                                                                      │
│                                                                                                                      │
│                                                                                                                      │
│                                                                                                                      │
│                                                                                                                      │
└──────────────────────────────────────────────────────────────────────────────────────────────────────────────────────┘
