---
source: crates/agentprof-tui/tests/views.rs
expression: buffer_to_symbol_grid(&buffer)
---
┌ Flamegraph (1/3) ────────────────────────────────────────────────────────────────────────────────┐
│   T1       2.0s  ░░░░░░░░░░░░░░░░░░░░████████████████████········································│
│   T2       4.0s  ░░░░░░░░░░░░░░░░░░░░░░░░░░░░░░░░░░░░░░░░░░░░░░░░░░░░░░░░░░░░░░░░░░░░░░░░░░░░░░░░│
│                                                                                                  │
│                                                                                                  │
│                                                                                                  │
│                                                                                                  │
│                                                                                                  │
│                                                                                                  │
│                                                                                                  │
│                                                                                                  │
│                                                                                                  │
│                                                                                                  │
│                                                                                                  │
│                                                                                                  │
│                                                                                                  │
│                                                                                                  │
│                                                                                                  │
│                                                                                                  │
│                                                                                                  │
│                                                                                                  │
│                                                                                                  │
│                                                                                                  │
│                                                                                                  │
│                                                                                                  │
│T1 selected:  bash(5.0s)                                                                          │
└──────────────────────────────────────────────────────────────────────────────────────────────────┘
┌ Detail ──────────────────────────────────────────────────────────────────────────────────────────┐
│Turn turn-A | model=- mode=Interactive out_tokens=- tools=1                                       │
└──────────────────────────────────────────────────────────────────────────────────────────────────┘
