---
source: crates/agentprof-tui/tests/views.rs
expression: text
---
┌ Flamegraph (1/3) ────────────────────────────────────────────────────────────────────────────────┐
│   T1       2.0s                      ████████████████████········································│
│   T2       4.0s                                                                                  │
│                                                                                                  │
│                                                                                                  │
│                                                                                                  │
│                                                                                                  │
│                                                                                                  │
│                                                                                                  │
│                                                                                                  │
│                                                                                                  │
│                                                                                                  │
│                                                                                                  │
│                                                                                                  │
│                                                                                                  │
│                                                                                                  │
│                                                                                                  │
│                                                                                                  │
│                                                                                                  │
│                                                                                                  │
│                                                                                                  │
│                                                                                                  │
│                                                                                                  │
│                                                                                                  │
│                                                                                                  │
│                                                                                                  │
└──────────────────────────────────────────────────────────────────────────────────────────────────┘
┌ Detail ──────────────────────────────────────────────────────────────────────────────────────────┐
│Turn turn-A | model=- mode=Interactive out_tokens=- tools=1                                       │
└──────────────────────────────────────────────────────────────────────────────────────────────────┘
