---
source: crates/agentprof-tui/tests/views.rs
expression: buffer_to_symbol_grid(&buffer)
---
┌ Aggregate (3/3) — By Mode (single session) ──────────────────────────────────────────────────────┐
│Mode                 Turns   Turns%  Total dur   Dur%   Out tok Tool calls                        │
│autopilot            1       50%     2.0s        50%       10   0                                 │
│plan                 1       50%     2.0s        50%       12   0                                 │
│                                                                                                  │
│                                                                                                  │
│                                                                                                  │
│                                                                                                  │
│                                                                                                  │
│                                                                                                  │
│                                                                                                  │
│                                                                                                  │
│                                                                                                  │
│                                                                                                  │
└──────────────────────────────────────────────────────────────────────────────────────────────────┘
┌ By Hook (single session — hook events) ──────────────────────────────────────────────────────────┐
│                                                                                                  │
│                                                                                                  │
│                                                                                                  │
│                                                                                                  │
│                                                                                                  │
│                                                                                                  │
│                            (no hook events recorded for this session)                            │
│                                                                                                  │
│                                                                                                  │
│                                                                                                  │
│                                                                                                  │
│                                                                                                  │
│                                                                                                  │
└──────────────────────────────────────────────────────────────────────────────────────────────────┘
