---
source: crates/agentprof-tui/tests/views.rs
expression: text
---
┌ RoiView (2/3) — Sort: [1]total  2=calls  3=success%  4=p50 ──────────────────────────────────────┐
│#   Tool                               Source     Calls   OK      Fail    Total      p50          │
│1   bash                               builtin    1       1       0       5.0s       5.0s         │
│                                                                                                  │
│                                                                                                  │
│                                                                                                  │
│                                                                                                  │
│                                                                                                  │
│                                                                                                  │
│                                                                                                  │
│                                                                                                  │
│                                                                                                  │
│                                                                                                  │
│                                                                                                  │
│                                                                                                  │
│                                                                                                  │
│                                                                                                  │
│                                                                                                  │
│                                                                                                  │
│                                                                                                  │
│                                                                                                  │
│                                                                                                  │
└──────────────────────────────────────────────────────────────────────────────────────────────────┘
┌ User-blocking (user think time) ─────────────────────────────────────────────────────────────────┐
│Tool                               Calls   Total                                                  │
│                                                                                                  │
└──────────────────────────────────────────────────────────────────────────────────────────────────┘
┌ Selected: bash ──────────────────────────────────────────────────────────────────────────────────┐
│  turn-A (5.0s✓)                                                                                  │
└──────────────────────────────────────────────────────────────────────────────────────────────────┘
