---
source: crates/agentprof-tui/tests/views.rs
expression: buffer_to_symbol_grid(&buffer)
---
┌ Aggregate (3/3) — By Mode (single session) ──────────────────────────────────────────────────────┐
│Mode                 Turns   Turns%  Total dur   Dur%   Out tok Tool calls                        │
│interactive          2       100%    6.0s        100%       0   1                                 │
│                                                                                                  │
│                                                                                                  │
│                                                                                                  │
│                                                                                                  │
│                                                                                                  │
│                                                                                                  │
│                                                                                                  │
│                                                                                                  │
│                                                                                                  │
│                                                                                                  │
│                                                                                                  │
└──────────────────────────────────────────────────────────────────────────────────────────────────┘
┌ By Hook (single session — hook events) ──────────────────────────────────────────────────────────┐
│                                                                                                  │
│                                                                                                  │
│                                                                                                  │
│                                                                                                  │
│                                                                                                  │
│                                                                                                  │
│                            (no hook events recorded for this session)                            │
│                                                                                                  │
│                                                                                                  │
│                                                                                                  │
│                                                                                                  │
│                                                                                                  │
│                                                                                                  │
└──────────────────────────────────────────────────────────────────────────────────────────────────┘
