---
source: crates/agentprof-tui/tests/views.rs
expression: text
---
┌ Aggregate (3/3) — By Mode (single session) ──────────────────────────────────────────────────────┐
│Mode                 Turns    Total dur    Out tokens   Tool calls                                │
│interactive          2        6.0s         0            1                                         │
│                                                                                                  │
│                                                                                                  │
│                                                                                                  │
│                                                                                                  │
│                                                                                                  │
│                                                                                                  │
│                                                                                                  │
│                                                                                                  │
│                                                                                                  │
│                                                                                                  │
│                                                                                                  │
└──────────────────────────────────────────────────────────────────────────────────────────────────┘
┌ By Hook ─────────────────────────────────────────────────────────────────────────────────────────┐
│Hook                     Calls   Success  Fail    p50      Total                                  │
│                                                                                                  │
│                                                                                                  │
│                                                                                                  │
│                                                                                                  │
│                                                                                                  │
│                                                                                                  │
│                                                                                                  │
│                                                                                                  │
│                                                                                                  │
│                                                                                                  │
│                                                                                                  │
│                                                                                                  │
└──────────────────────────────────────────────────────────────────────────────────────────────────┘
