---
source: crates/agentprof-tui/tests/views.rs
expression: buffer_to_symbol_grid(&buf)
---
┌ Aggregate watch — by tool | 3 sessions | window 30.0d ───────────────────────────────────────────────────────────────┐
│Keys: c/t/s/p sort  ↑/↓ select  q quit                                                                                │
└──────────────────────────────────────────────────────────────────────────────────────────────────────────────────────┘
┌ Tool buckets ────────────────────────────────────────────────────────────────────────────────────────────────────────┐
│Tool                           Source       Calls   Total      p50      p95      Sess                                 │
│bash                           builtin      50      2.0m       150ms    800ms    3                                    │
│mcp__github__list_pulls        mcp:github   10      30.0s      2.0s     4.5s     2                                    │
│                                                                                                                      │
│                                                                                                                      │
│                                                                                                                      │
│                                                                                                                      │
│                                                                                                                      │
│                                                                                                                      │
│                                                                                                                      │
│                                                                                                                      │
│                                                                                                                      │
│                                                                                                                      │
│                                                                                                                      │
│                                                                                                                      │
└──────────────────────────────────────────────────────────────────────────────────────────────────────────────────────┘
