---
source: crates/agentprof-adapters/tests/episode_derive.rs
expression: episodes
---
{
  "turns": [
    {
      "id": "00000000-0000-0000-0000-000000000042",
      "started_at": "2026-05-26T12:00:02Z",
      "ended_at": "2026-05-26T12:00:08Z",
      "model": null,
      "mode": null,
      "output_tokens": null,
      "status": "Completed",
      "tool_calls": [
        {
          "name": "mcp__github__search_issues",
          "index": 0
        },
        {
          "name": "mcp__filesystem__read_file",
          "index": 0
        }
      ],
      "hook_calls": [],
      "skill_calls": []
    }
  ],
  "tools": {
    "mcp__filesystem__read_file": {
      "name": "mcp__filesystem__read_file",
      "source": {
        "kind": "mcp",
        "server": "filesystem"
      },
      "calls": [
        {
          "span": {
            "started_at": "2026-05-26T12:00:06Z",
            "ended_at": "2026-05-26T12:00:07Z"
          },
          "turn_id": "00000000-0000-0000-0000-000000000042",
          "status": "Success",
          "user_requested": false
        }
      ],
      "total_duration": [
        1,
        0
      ],
      "fail_count": 0
    },
    "mcp__github__search_issues": {
      "name": "mcp__github__search_issues",
      "source": {
        "kind": "mcp",
        "server": "github"
      },
      "calls": [
        {
          "span": {
            "started_at": "2026-05-26T12:00:04Z",
            "ended_at": "2026-05-26T12:00:05Z"
          },
          "turn_id": "00000000-0000-0000-0000-000000000042",
          "status": "Success",
          "user_requested": false
        }
      ],
      "total_duration": [
        1,
        0
      ],
      "fail_count": 0
    }
  },
  "hooks": {},
  "skills": {},
  "mode_segments": [
    {
      "mode": {
        "Unknown": "default"
      },
      "started_at": "2026-05-26T12:00:00Z",
      "ended_at": "2026-05-26T12:00:09Z"
    }
  ],
  "aborts": [],
  "warnings": []
}
