---
source: crates/agentprof-adapters/tests/episode_derive.rs
expression: episodes
---
{
  "turns": [
    {
      "id": "00000000-0000-0000-0000-000000000012",
      "started_at": "2026-05-26T10:00:02Z",
      "ended_at": "2026-05-26T10:00:04Z",
      "model": null,
      "mode": null,
      "output_tokens": null,
      "status": "Completed",
      "tool_calls": [],
      "hook_calls": [],
      "skill_calls": []
    }
  ],
  "tools": {},
  "hooks": {},
  "skills": {},
  "mode_segments": [
    {
      "mode": {
        "Unknown": "default"
      },
      "started_at": "2026-05-26T10:00:00Z",
      "ended_at": "2026-05-26T10:00:05Z"
    }
  ],
  "aborts": [],
  "warnings": []
}
