---
source: crates/agentprof-adapters/tests/episode_derive.rs
expression: episodes
---
{
  "turns": [
    {
      "id": "00000000-0000-0000-0000-000000000053",
      "started_at": "2026-05-26T13:00:03Z",
      "ended_at": "2026-05-26T13:00:07Z",
      "model": "gpt-5-mini",
      "mode": null,
      "output_tokens": 15,
      "status": "Completed",
      "tool_calls": [
        {
          "name": "bash",
          "index": 0
        }
      ],
      "hook_calls": [],
      "skill_calls": []
    }
  ],
  "tools": {
    "bash": {
      "name": "bash",
      "source": {
        "kind": "builtin"
      },
      "calls": [
        {
          "span": {
            "started_at": "2026-05-26T13:00:05Z",
            "ended_at": "2026-05-26T13:00:06Z"
          },
          "turn_id": "00000000-0000-0000-0000-000000000053",
          "status": "Success",
          "user_requested": false
        }
      ],
      "total_duration": [
        1,
        0
      ],
      "fail_count": 0
    }
  },
  "hooks": {},
  "skills": {
    "synthetic-example": {
      "name": "synthetic-example",
      "invocations": [
        {
          "at": "2026-05-26T13:00:02Z",
          "turn_id": null,
          "triggered_tools": [
            {
              "name": "bash",
              "index": 0
            }
          ]
        }
      ],
      "subsequent_tool_calls": 1
    }
  },
  "mode_segments": [
    {
      "mode": {
        "Unknown": "default"
      },
      "started_at": "2026-05-26T13:00:00Z",
      "ended_at": "2026-05-26T13:00:08Z"
    }
  ],
  "aborts": [],
  "warnings": []
}
