---
source: crates/agentprof-cli/tests/cli.rs
expression: md
---
# agentprof analyze — 00000000-0000-0000-0000-000000000099

## Session
- Agent: Copilot (v1.0.54)
- Started: 2026-06-08 10:00:00 UTC
- CWD: /tmp/agentprof-fixture/with-mcp-waste
- Live: no
- Turns: 1
- Tools tracked: 1
- Hooks tracked: 0
- Derive warnings: 0
- Parse warnings: 0

## MCP Server Waste

Data source: wire notices
Loaded: 3 tools / 2 servers, ≈600 tokens (heuristic, cl100k_base)
Unused: 2 tools (66%), ≈400 tokens — 1 fully-unused server

### Per-server

| Server | Loaded | Called | Unused | Unused tokens | Fully unused? |
|--------|-------:|-------:|-------:|--------------:|---------------|
| github | 2 | 0 | 2 | ≈400 | **yes** |
| filesystem | 1 | 1 | 0 | ≈0 | no |

### Per-tool (top 20 unused, alphabetical)

| Tool | Server | Calls | Tokens | Source |
|------|--------|------:|-------:|--------|
| mcp__github__create_issue | github | 0 | ≈200 | Wire |
| mcp__github__search_issues | github | 0 | ≈200 | Wire |

> ≈ = heuristic per-tool cost. Use `--tool-descriptions <PATH>` for exact counts.

## Warnings
(none)
